warning: `extern` block uses type `()`, which is not FFI-safe
  --> $DIR/repr-transparent-issue-87496.rs:8:18
   |
LL |     fn good17(p: TransparentCustomZst);
   |                  ^^^^^^^^^^^^^^^^^^^^ not FFI-safe
   |
   = help: consider using a struct instead
   = note: tuples have unspecified layout
   = note: `#[warn(improper_ctypes)]` on by default

warning: 1 warning emitted

