error: `extern` fn uses type `()`, which is not FFI-safe
  --> $DIR/lint-ctypes-113436.rs:9:26
   |
LL | pub extern "C" fn f() -> Wrap<()> {
   |                          ^^^^^^^^ not FFI-safe
   |
   = help: consider using a struct instead
   = note: tuples have unspecified layout
note: the lint level is defined here
  --> $DIR/lint-ctypes-113436.rs:1:9
   |
LL | #![deny(improper_ctypes_definitions)]
   |         ^^^^^^^^^^^^^^^^^^^^^^^^^^^

error: `extern` fn uses type `()`, which is not FFI-safe
  --> $DIR/lint-ctypes-113436.rs:14:10
   |
LL | const _: extern "C" fn() -> Wrap<()> = f;
   |          ^^^^^^^^^^^^^^^^^^^^^^^^^^^ not FFI-safe
   |
   = help: consider using a struct instead
   = note: tuples have unspecified layout

error: `extern` fn uses type `()`, which is not FFI-safe
  --> $DIR/lint-ctypes-113436.rs:17:27
   |
LL | pub extern "C" fn ff() -> Wrap<Wrap<()>> {
   |                           ^^^^^^^^^^^^^^ not FFI-safe
   |
   = help: consider using a struct instead
   = note: tuples have unspecified layout

error: `extern` fn uses type `()`, which is not FFI-safe
  --> $DIR/lint-ctypes-113436.rs:22:10
   |
LL | const _: extern "C" fn() -> Wrap<Wrap<()>> = ff;
   |          ^^^^^^^^^^^^^^^^^^^^^^^^^^^^^^^^^ not FFI-safe
   |
   = help: consider using a struct instead
   = note: tuples have unspecified layout

error: aborting due to 4 previous errors

