error[E0275]: overflow evaluating the requirement `<fn() -> Foo {foo} as FnOnce<()>>::Output == fn() -> Foo {foo}`
  --> $DIR/issue-53398-cyclic-types.rs:6:5
   |
LL |     foo
   |     ^^^

error: aborting due to previous error

For more information about this error, try `rustc --explain E0275`.
